
Current configuration : 685 bytes
!
version 12.4
no service timestamps log datetime msec
no service timestamps debug datetime msec
no service password-encryption
!
hostname R1
!
!
!
enable secret 5 $1$mERr$CklZjpIA3H69Xhzy/3pv11
!
!
!
!
!
!
ip cef
no ipv6 cef
!
!
!
username brayan privilege 15 password 0 1206
!
!
!
!
!
!
!
!
!
!
spanning-tree mode pvst
!
!
!
!
!
!
interface FastEthernet0/0
 no ip address
 duplex auto
 speed auto
 shutdown
!
interface FastEthernet0/1
 no ip address
 duplex auto
 speed auto
 shutdown
!
interface Vlan1
 no ip address
 shutdown
!
ip classless
!
ip flow-export version 9
!
!
!
!
!
!
!
!
line con 0
 login local
!
line aux 0
!
line vty 0 4
 no login
 transport input telnet
!
!
!
end


R1#
R1#enable
R1#confi t
Enter configuration commands, one per line.  End with CNTL/Z.
R1(config)#line vty 0 4
R1(config-line)#login local
R1(config-line)#end
R1#
%SYS-5-CONFIG_I: Configured from console by console

R1#show run
Building configuration...

Current configuration : 688 bytes
!
version 12.4
no service timestamps log datetime msec
no service timestamps debug datetime msec
no service password-encryption
!
hostname R1
!
!
!
enable secret 5 $1$mERr$CklZjpIA3H69Xhzy/3pv11
!
!
!
!
!
!
ip cef
no ipv6 cef
!
!
!
username brayan privilege 15 password 0 1206
!
!
!
!
!
!
!
!
!
!
spanning-tree mode pvst
!
!
!
!
!
!
interface FastEthernet0/0
 no ip address
 duplex auto
 speed auto
 shutdown
!
interface FastEthernet0/1
 no ip address
 duplex auto
 speed auto
 shutdown
!
interface Vlan1
 no ip address
 shutdown
!
ip classless
!
ip flow-export version 9
!
!
!
!
!
!
!
!
line con 0
 login local
!
line aux 0
!
line vty 0 4
 login local
 transport input telnet
!
!
!
end


R1#
R1#copy run startup
Destination filename [startup-config]? 
Building configuration...
[OK]
R1#conf t
Enter configuration commands, one per line.  End with CNTL/Z.
R1(config)#intf f0/0
              ^
% Invalid input detected at '^' marker.
	
R1(config)#interface f0/0
R1(config-if)#ip address 192.168.1.2 255.255.255.0
R1(config-if)#no shutdown 

R1(config-if)#
%LINK-5-CHANGED: Interface FastEthernet0/0, changed state to up

R1(config-if)#
R1#
%SYS-5-CONFIG_I: Configured from console by console




-----------------------------------------------------------------------------


System Bootstrap, Version 12.1(3r)T2, RELEASE SOFTWARE (fc1)
Copyright (c) 2000 by cisco Systems, Inc.
cisco 2811 (MPC860) processor (revision 0x200) with 60416K/5120K bytes of memory

Readonly ROMMON initialized

program load complete, entry point: 0x8000f000, size: 0xc940
program load complete, entry point: 0x8000f000, size: 0xc940

program load complete, entry point: 0x8000f000, size: 0x3ed1338
Self decompressing the image :
########################################################################## [OK]
              Restricted Rights Legend

Use, duplication, or disclosure by the Government is
subject to restrictions as set forth in subparagraph
(c) of the Commercial Computer Software - Restricted
Rights clause at FAR sec. 52.227-19 and subparagraph
(c) (1) (ii) of the Rights in Technical Data and Computer
Software clause at DFARS sec. 252.227-7013.

           cisco Systems, Inc.
           170 West Tasman Drive
           San Jose, California 95134-1706



Cisco IOS Software, 2800 Software (C2800NM-ADVIPSERVICESK9-M), Version 12.4(15)T1, RELEASE SOFTWARE (fc2)
Technical Support: http://www.cisco.com/techsupport
Copyright (c) 1986-2007 by Cisco Systems, Inc.
Compiled Wed 18-Jul-07 06:21 by pt_rel_team
Image text-base: 0x400A925C, data-base: 0x4372CE20

This product contains cryptographic features and is subject to United
States and local country laws governing import, export, transfer and
use. Delivery of Cisco cryptographic products does not imply
third-party authority to import, export, distribute or use encryption.
Importers, exporters, distributors and users are responsible for
compliance with U.S. and local country laws. By using this product you
agree to comply with applicable laws and regulations. If you are unable
to comply with U.S. and local laws, return this product immediately.

A summary of U.S. laws governing Cisco cryptographic products may be found at:
http://www.cisco.com/wwl/export/crypto/tool/stqrg.html

If you require further assistance please contact us by sending email to
export@cisco.com.
cisco 2811 (MPC860) processor (revision 0x200) with 60416K/5120K bytes of memory
Processor board ID JAD05190MTZ (4292891495)
M860 processor: part number 0, mask 49
2 FastEthernet/IEEE 802.3 interface(s)
239K bytes of non-volatile configuration memory.
62720K bytes of  ATA CompactFlash (Read/Write)
Cisco IOS Software, 2800 Software (C2800NM-ADVIPSERVICESK9-M), Version 12.4(15)T1, RELEASE SOFTWARE (fc2)
Technical Support: http://www.cisco.com/techsupport
Copyright (c) 1986-2007 by Cisco Systems, Inc.
Compiled Wed 18-Jul-07 06:21 by pt_rel_team


         --- System Configuration Dialog ---

Would you like to enter the initial configuration dialog? [yes/no]: n


Press RETURN to get started!



Router>enables
Translating "enables"...domain server (255.255.255.255)
% Unknown command or computer name, or unable to find computer address

Router>enable 
Router#config t
Enter configuration commands, one per line.  End with CNTL/Z.
Router(config)#int fo/o
                    ^
% Invalid input detected at '^' marker.
	
Router(config)#interface f0/0
Router(config-if)#ip address 192.168.1.2 255.255.255.0
Router(config-if)#no shutdown

Router(config-if)#
%LINK-5-CHANGED: Interface FastEthernet0/0, changed state to up

Router(config-if)#
%LINEPROTO-5-UPDOWN: Line protocol on Interface FastEthernet0/0, changed state to up
%IP-4-DUPADDR: Duplicate address 192.168.1.2 on FastEthernet0/0, sourced by 0010.11AB.BE01
%IP-4-DUPADDR: Duplicate address 192.168.1.2 on FastEthernet0/0, sourced by 0010.11AB.BE01

Router(config-if)#end
Router#
%SYS-5-CONFIG_I: Configured from console by console

Router#telnet 192.168.1.1
Trying 192.168.1.1 ...
% Connection timed out; remote host not responding
Router#telnet 192.168.1.1
Trying 192.168.1.1 ...
% Connection timed out; remote host not responding
Router#
Router#telnet 192.168.1.2
Trying 192.168.1.2 ...Open

[Connection to 192.168.1.2 closed by foreign host]
Router#telnet 192.168.1.2
Trying 192.168.1.2 ...Open

[Connection to 192.168.1.2 closed by foreign host]
Router# telnet 192.168.1.2
Trying 192.168.1.2 ...Open

[Connection to 192.168.1.2 closed by foreign host]
Router#1206
Translating "1206"...domain server (255.255.255.255)
% Unknown command or computer name, or unable to find computer address

Router#